// Jest Snapshot v1, https://goo.gl/fbAQLP

exports[`Footer Component Snaphot testing 1`] = `ShallowWrapper {}`;
