// Jest Snapshot v1, https://goo.gl/fbAQLP

exports[`Loader Component Snaphot testing 1`] = `ShallowWrapper {}`;
